--------------------------------------------------------------------------------------------------------------------------------------------------------------------------------
      name:  <unnamed>
       log:  C:\Users\prorgan\Box\Classes\Econ 675\Problem Sets\PS1\ps1.log
  log type:  text
 opened on:  18 Sep 2018, 17:31:28

. set seed 22

. 
. * load data
. insheet using "LaLonde_1986.csv", clear
(12 vars, 445 obs)

. 
. ********************************************************************************
. * Question 2: Implementing Least-Squares Estimators
. * generate new variables
. gen educ2 = educ^2

. gen blackXearn74 = black * earn74

. 
. * run regression
. reg earn78 treat black age educ educ2 earn74 blackXearn74 u74 u75

      Source |       SS           df       MS      Number of obs   =       445
-------------+----------------------------------   F(9, 435)       =      3.25
       Model |  1.2302e+09         9   136683446   Prob > F        =    0.0008
    Residual |  1.8296e+10       435  42058633.6   R-squared       =    0.0630
-------------+----------------------------------   Adj R-squared   =    0.0436
       Total |  1.9526e+10       444  43976704.1   Root MSE        =    6485.3

------------------------------------------------------------------------------
      earn78 |      Coef.   Std. Err.      t    P>|t|     [95% Conf. Interval]
-------------+----------------------------------------------------------------
       treat |   1535.482   637.0908     2.41   0.016     283.3235    2787.641
       black |  -2592.377   897.2034    -2.89   0.004    -4355.769    -828.984
         age |   39.34052   45.45789     0.87   0.387    -50.00388    128.6849
        educ |    -740.54   1083.739    -0.68   0.495    -2870.557    1389.477
       educ2 |   60.08233   56.32064     1.07   0.287    -50.61208    170.7768
      earn74 |  -.0298577   .1620125    -0.18   0.854    -.3482824    .2885669
blackXearn74 |   .1753547   .1650657     1.06   0.289    -.1490708    .4997802
         u74 |   1316.032   1170.472     1.12   0.261    -984.4511    3616.515
         u75 |  -1167.688   946.9496    -1.23   0.218    -3028.854    693.4771
       _cons |   6485.553   5701.835     1.14   0.256    -4721.018    17692.12
------------------------------------------------------------------------------

. 
. * output table to include in LaTeX
. outreg2 using q2outreg.tex, side stats(coef se tstat pval ci) ///
>  noaster noparen nor2 noobs dec(2) replace
q2outreg.tex
dir : seeout

. 
. ********************************************************************************
. * Question 3: Analysis of Experiments
. * 3.1) Neyman's Approach
. * manually
. sum earn78 if treat==0

    Variable |        Obs        Mean    Std. Dev.       Min        Max
-------------+---------------------------------------------------------
      earn78 |        260    4554.802    5483.837          0    39483.5

. local N0 = r(N)

. local mu0 = r(mean)

. local sd0 = r(sd)

. local V0 = r(Var)/(`N0'-1)

. 
. sum earn78 if treat==1

    Variable |        Obs        Mean    Std. Dev.       Min        Max
-------------+---------------------------------------------------------
      earn78 |        185    6349.145    7867.405          0    60307.9

. local N1 = r(N)

. local mu1 = r(mean)

. local sd1 = r(sd)

. local V1 = r(Var)/(`N1'-1)

. 
. local tau = `mu1'-`mu0'

. local v = sqrt(`V1'+`V0')

. local T = `tau'/`v'

. local pval = 2*normal(-abs(`T'))

. 
. local ci_low  = `tau' + invnormal(.025)*`v'

. local ci_high = `tau' + invnormal(.975)*`v'

. 
. * rounding
. local mu0 = round(`mu0', .01)

. local mu1 = round(`mu1', .0001)

. local sd0 = round(`sd0', .01)

. local sd1 = round(`sd1', .0001)

. local tau = round(`tau', .01)

. local T = round(`T', .01)

. local pval = round(`pval', .0001)

. local ci_low = round(`ci_low', .01)

. local ci_high = round(`ci_high', .01)

. 
. di "Control: `mu0' (`sd0') -- N=`N0'" 
Control: 4554.8 (5483.84) -- N=260

. di "Treatment: `mu1' (`sd1') -- N=`N1'" 
Treatment: 6349.1454 (7867.4047) -- N=185

. di "Difference: `tau'"
Difference: 1794.34

. di "Test = `T' -- p-val = `pval'"
Test = 2.67 -- p-val = .0076

. di "CI: [`ci_low', `ci_high']"
CI: [475.91, 3112.78]

. 
. * canned version for comparison:
. ttest earn78, by(treat) unequal

Two-sample t test with unequal variances
------------------------------------------------------------------------------
   Group |     Obs        Mean    Std. Err.   Std. Dev.   [95% Conf. Interval]
---------+--------------------------------------------------------------------
       0 |     260    4554.802    340.0931    5483.837    3885.103    5224.502
       1 |     185    6349.145    578.4231    7867.405    5207.951     7490.34
---------+--------------------------------------------------------------------
combined |     445    5300.765    314.3629    6631.493    4682.941    5918.589
---------+--------------------------------------------------------------------
    diff |           -1794.343    670.9967               -3114.675   -474.0108
------------------------------------------------------------------------------
    diff = mean(0) - mean(1)                                      t =  -2.6741
Ho: diff = 0                     Satterthwaite's degrees of freedom =  307.132

    Ha: diff < 0                 Ha: diff != 0                 Ha: diff > 0
 Pr(T < t) = 0.0039         Pr(|T| > |t|) = 0.0079          Pr(T > t) = 0.9961

. 
. * 3.2) Fisher's Approach
. * 3.2a) p-Value
. * Fisher permutation
. permute treat diffmean=(r(mu_2)-r(mu_1)), reps(999) nowarn: ttest earn78, by(treat)
(running ttest on estimation sample)

Permutation replications (999)
----+--- 1 ---+--- 2 ---+--- 3 ---+--- 4 ---+--- 5 
..................................................    50
..................................................   100
..................................................   150
..................................................   200
..................................................   250
..................................................   300
..................................................   350
..................................................   400
..................................................   450
..................................................   500
..................................................   550
..................................................   600
..................................................   650
..................................................   700
..................................................   750
..................................................   800
..................................................   850
..................................................   900
..................................................   950
.................................................

Monte Carlo permutation results                 Number of obs     =        445

      command:  ttest earn78, by(treat)
     diffmean:  r(mu_2)-r(mu_1)
  permute var:  treat

------------------------------------------------------------------------------
T            |     T(obs)       c       n   p=c/n   SE(p) [95% Conf. Interval]
-------------+----------------------------------------------------------------
    diffmean |   1794.343       9     999  0.0090  0.0030  .0041275   .0170327
------------------------------------------------------------------------------
Note: Confidence interval is with respect to p=c/n.
Note: c = #{|T| >= |T(obs)|}

. 
. * Kolgomorov-Smirnov
. ksmirnov earn78, by(treat) exact

Two-sample Kolmogorov-Smirnov test for equality of distribution functions

 Smaller group       D       P-value      Exact
 ----------------------------------------------
 0:                  0.1321    0.023
 1:                  0.0000    1.000
 Combined K-S:       0.1321    0.046      0.041

Note: Ties exist in combined dataset;
      there are 308 unique values out of 445 observations.

. 
. * 3.2b) confidence interval
. * define imputed variables
. gen y1_imp = earn78

. replace y1_imp = earn78 + `tau' if treat==0
(260 real changes made)

. 
. gen y0_imp = earn78

. replace y0_imp = earn78 - `tau' if treat==1
(185 real changes made)

. 
. * define program to bootstrap
. program define SUTVAdiff, rclass
  1.         sum y1_imp if treat==1
  2.         local temp1 = r(mean)
  3.         sum y0_imp if treat==0
  4.         local temp0 = r(mean)
  5.         return scalar SUTVAdiff = `temp1' - `temp0'
  6. end

. 
. * run bootstrap
. bootstrap diff = r(SUTVAdiff), reps(999): SUTVAdiff
(running SUTVAdiff on estimation sample)

Warning:  Because SUTVAdiff is not an estimation command or does not set e(sample), bootstrap has no way to determine which observations are used in calculating the
          statistics and so assumes that all observations are used.  This means that no observations will be excluded from the resampling because of missing values or other
          reasons.

          If the assumption is not true, press Break, save the data, and drop the observations that are to be excluded.  Be sure that the dataset in memory contains only the
          relevant data.

Bootstrap replications (999)
----+--- 1 ---+--- 2 ---+--- 3 ---+--- 4 ---+--- 5 
..................................................    50
..................................................   100
..................................................   150
..................................................   200
..................................................   250
..................................................   300
..................................................   350
..................................................   400
..................................................   450
..................................................   500
..................................................   550
..................................................   600
..................................................   650
..................................................   700
..................................................   750
..................................................   800
..................................................   850
..................................................   900
..................................................   950
.................................................

Bootstrap results                               Number of obs     =        445
                                                Replications      =        999

      command:  SUTVAdiff
         diff:  r(SUTVAdiff)

------------------------------------------------------------------------------
             |   Observed   Bootstrap                         Normal-based
             |      Coef.   Std. Err.      z    P>|z|     [95% Conf. Interval]
-------------+----------------------------------------------------------------
        diff |   1794.343   681.2729     2.63   0.008     459.0727    3129.613
------------------------------------------------------------------------------

. 
. * 3.3) Power Calculations
. * 3.3a) graphing power function
. local a = 0.05

. local Z = invnormal(1-`a'/2)

. 
. * Plot power functions and save
. twoway (function y = 1 - normal(x/`v'+`Z') + normal(x/`v'-`Z'), range(-2500 2500)), ///
>            yline(`a', lpattern(dash)) yti("Power") xti("tau")

. graph export power_Stata.png, replace
(file power_Stata.png written in PNG format)

. 
. * 3.3b) determining minimum sample size
. mata:
------------------------------------------------- mata (type end to exit) ------------------------------------------------------------------------------------------------------
:         y = st_data(., "earn78"); t = st_data(., "treat")

:         
:         p = 2/3

:         Z = 1.96

:         tau = 1000

:         
:         V1 = quadvariance(select(y,t:==1))

:         V0 = quadvariance(select(y,t:==0))

:         
:         N = (0::980)*5 + J(981,1,100)

:         
:         N1 = N*p

:         N0 = N-N1

:         
:         std_errors = J(981,1,0)

:         for(i = 1; i<=981; i++){
>                 std_errors[i] = sqrt(V1/N1[i]+V0/N0[i])
>         }

:         
:         powers = J(981,1,0)

:         for(i = 1; i<=981; i++){
>                 powers[i] = 1-normal(tau/std_errors[i]+Z)+normal(tau/std_errors[i]-Z)
>         }

: end
--------------------------------------------------------------------------------------------------------------------------------------------------------------------------------

. 
. * display sample sizes and corresponding power to detect 1000 increase in earnings
. mata: N, powers
                   1             2
      +-----------------------------+
    1 |          100   .1145377914  |
    2 |          105   .1178460937  |
    3 |          110    .121160039  |
    4 |          115   .1244793602  |
    5 |          120   .1278037933  |
    6 |          125   .1311330773  |
    7 |          130   .1344669541  |
    8 |          135   .1378051687  |
    9 |          140   .1411474691  |
   10 |          145   .1444936061  |
   11 |          150   .1478433336  |
   12 |          155   .1511964082  |
   13 |          160   .1545525896  |
   14 |          165   .1579116404  |
   15 |          170   .1612733257  |
   16 |          175   .1646374138  |
   17 |          180   .1680036757  |
   18 |          185   .1713718852  |
   19 |          190   .1747418189  |
   20 |          195    .178113256  |
   21 |          200   .1814859787  |
   22 |          205   .1848597718  |
   23 |          210   .1882344226  |
   24 |          215   .1916097215  |
   25 |          220   .1949854612  |
   26 |          225   .1983614372  |
   27 |          230   .2017374477  |
   28 |          235   .2051132934  |
   29 |          240   .2084887775  |
   30 |          245   .2118637059  |
   31 |          250   .2152378872  |
   32 |          255   .2186111321  |
   33 |          260   .2219832542  |
   34 |          265   .2253540695  |
   35 |          270   .2287233964  |
   36 |          275   .2320910557  |
   37 |          280   .2354568709  |
   38 |          285   .2388206676  |
   39 |          290   .2421822741  |
   40 |          295   .2455415207  |
   41 |          300   .2488982405  |
   42 |          305   .2522522687  |
   43 |          310   .2556034428  |
   44 |          315   .2589516026  |
   45 |          320   .2622965904  |
   46 |          325   .2656382506  |
   47 |          330   .2689764298  |
   48 |          335   .2723109769  |
   49 |          340   .2756417431  |
   50 |          345   .2789685816  |
   51 |          350    .282291348  |
   52 |          355   .2856098999  |
   53 |          360   .2889240971  |
   54 |          365   .2922338016  |
   55 |          370   .2955388773  |
   56 |          375   .2988391903  |
   57 |          380   .3021346088  |
   58 |          385   .3054250032  |
   59 |          390   .3087102455  |
   60 |          395   .3119902101  |
   61 |          400   .3152647734  |
   62 |          405   .3185338134  |
   63 |          410   .3217972105  |
   64 |          415   .3250548469  |
   65 |          420   .3283066065  |
   66 |          425   .3315523755  |
   67 |          430   .3347920418  |
   68 |          435    .338025495  |
   69 |          440   .3412526269  |
   70 |          445   .3444733309  |
   71 |          450   .3476875024  |
   72 |          455   .3508950384  |
   73 |          460   .3540958379  |
   74 |          465   .3572898015  |
   75 |          470   .3604768317  |
   76 |          475   .3636568327  |
   77 |          480   .3668297104  |
   78 |          485   .3699953724  |
   79 |          490    .373153728  |
   80 |          495   .3763046883  |
   81 |          500   .3794481658  |
   82 |          505   .3825840748  |
   83 |          510   .3857123314  |
   84 |          515    .388832853  |
   85 |          520   .3919455587  |
   86 |          525   .3950503694  |
   87 |          530   .3981472072  |
   88 |          535   .4012359959  |
   89 |          540   .4043166611  |
   90 |          545   .4073891295  |
   91 |          550   .4104533295  |
   92 |          555   .4135091911  |
   93 |          560   .4165566455  |
   94 |          565   .4195956257  |
   95 |          570   .4226260657  |
   96 |          575   .4256479014  |
   97 |          580   .4286610698  |
   98 |          585   .4316655095  |
   99 |          590   .4346611602  |
  100 |          595   .4376479633  |
  101 |          600   .4406258613  |
  102 |          605   .4435947983  |
  103 |          610   .4465547194  |
  104 |          615   .4495055713  |
  105 |          620   .4524473019  |
  106 |          625   .4553798603  |
  107 |          630    .458303197  |
  108 |          635   .4612172636  |
  109 |          640   .4641220132  |
  110 |          645   .4670173999  |
  111 |          650   .4699033791  |
  112 |          655   .4727799073  |
  113 |          660   .4756469425  |
  114 |          665   .4785044434  |
  115 |          670   .4813523703  |
  116 |          675   .4841906844  |
  117 |          680   .4870193481  |
  118 |          685    .489838325  |
  119 |          690   .4926475797  |
  120 |          695   .4954470779  |
  121 |          700   .4982367865  |
  122 |          705   .5010166734  |
  123 |          710   .5037867075  |
  124 |          715   .5065468589  |
  125 |          720   .5092970985  |
  126 |          725   .5120373986  |
  127 |          730    .514767732  |
  128 |          735    .517488073  |
  129 |          740   .5201983966  |
  130 |          745   .5228986789  |
  131 |          750   .5255888968  |
  132 |          755   .5282690283  |
  133 |          760   .5309390524  |
  134 |          765   .5335989488  |
  135 |          770   .5362486983  |
  136 |          775   .5388882826  |
  137 |          780   .5415176842  |
  138 |          785   .5441368866  |
  139 |          790   .5467458741  |
  140 |          795   .5493446318  |
  141 |          800   .5519331458  |
  142 |          805    .554511403  |
  143 |          810    .557079391  |
  144 |          815   .5596370984  |
  145 |          820   .5621845145  |
  146 |          825   .5647216293  |
  147 |          830    .567248434  |
  148 |          835     .56976492  |
  149 |          840   .5722710799  |
  150 |          845   .5747669069  |
  151 |          850    .577252395  |
  152 |          855   .5797275388  |
  153 |          860   .5821923339  |
  154 |          865   .5846467762  |
  155 |          870   .5870908628  |
  156 |          875   .5895245911  |
  157 |          880   .5919479594  |
  158 |          885   .5943609666  |
  159 |          890   .5967636123  |
  160 |          895   .5991558967  |
  161 |          900   .6015378209  |
  162 |          905   .6039093862  |
  163 |          910   .6062705949  |
  164 |          915   .6086214499  |
  165 |          920   .6109619544  |
  166 |          925   .6132921126  |
  167 |          930   .6156119291  |
  168 |          935   .6179214091  |
  169 |          940   .6202205583  |
  170 |          945   .6225093833  |
  171 |          950   .6247878908  |
  172 |          955   .6270560884  |
  173 |          960   .6293139841  |
  174 |          965   .6315615865  |
  175 |          970   .6337989048  |
  176 |          975   .6360259484  |
  177 |          980   .6382427276  |
  178 |          985   .6404492531  |
  179 |          990    .642645536  |
  180 |          995   .6448315878  |
  181 |         1000   .6470074208  |
  182 |         1005   .6491730476  |
  183 |         1010   .6513284812  |
  184 |         1015   .6534737351  |
  185 |         1020   .6556088234  |
  186 |         1025   .6577337605  |
  187 |         1030   .6598485612  |
  188 |         1035   .6619532409  |
  189 |         1040   .6640478152  |
  190 |         1045   .6661323004  |
  191 |         1050    .668206713  |
  192 |         1055   .6702710699  |
  193 |         1060   .6723253885  |
  194 |         1065   .6743696866  |
  195 |         1070   .6764039823  |
  196 |         1075   .6784282941  |
  197 |         1080   .6804426409  |
  198 |         1085   .6824470418  |
  199 |         1090   .6844415167  |
  200 |         1095   .6864260853  |
  201 |         1100    .688400768  |
  202 |         1105   .6903655854  |
  203 |         1110   .6923205585  |
  204 |         1115   .6942657086  |
  205 |         1120   .6962010573  |
  206 |         1125   .6981266266  |
  207 |         1130   .7000424386  |
  208 |         1135   .7019485159  |
  209 |         1140   .7038448814  |
  210 |         1145   .7057315582  |
  211 |         1150   .7076085697  |
  212 |         1155   .7094759396  |
  213 |         1160   .7113336919  |
  214 |         1165   .7131818507  |
  215 |         1170   .7150204407  |
  216 |         1175   .7168494865  |
  217 |         1180   .7186690132  |
  218 |         1185   .7204790461  |
  219 |         1190   .7222796105  |
  220 |         1195   .7240707324  |
  221 |         1200   .7258524376  |
  222 |         1205   .7276247523  |
  223 |         1210   .7293877029  |
  224 |         1215   .7311413162  |
  225 |         1220   .7328856189  |
  226 |         1225    .734620638  |
  227 |         1230   .7363464009  |
  228 |         1235    .738062935  |
  229 |         1240    .739770268  |
  230 |         1245   .7414684276  |
  231 |         1250   .7431574419  |
  232 |         1255   .7448373391  |
  233 |         1260   .7465081475  |
  234 |         1265   .7481698958  |
  235 |         1270   .7498226125  |
  236 |         1275   .7514663267  |
  237 |         1280   .7531010672  |
  238 |         1285   .7547268634  |
  239 |         1290   .7563437444  |
  240 |         1295   .7579517399  |
  241 |         1300   .7595508793  |
  242 |         1305   .7611411926  |
  243 |         1310   .7627227095  |
  244 |         1315     .76429546  |
  245 |         1320   .7658594744  |
  246 |         1325   .7674147828  |
  247 |         1330   .7689614157  |
  248 |         1335   .7704994035  |
  249 |         1340   .7720287769  |
  250 |         1345   .7735495666  |
  251 |         1350   .7750618033  |
  252 |         1355    .776565518  |
  253 |         1360   .7780607418  |
  254 |         1365   .7795475056  |
  255 |         1370   .7810258407  |
  256 |         1375   .7824957784  |
  257 |         1380     .78395735  |
  258 |         1385    .785410587  |
  259 |         1390   .7868555209  |
  260 |         1395   .7882921833  |
  261 |         1400   .7897206058  |
  262 |         1405   .7911408201  |
  263 |         1410   .7925528582  |
  264 |         1415   .7939567517  |
  265 |         1420   .7953525326  |
  266 |         1425   .7967402328  |
  267 |         1430   .7981198845  |
  268 |         1435   .7994915195  |
  269 |         1440   .8008551701  |
  270 |         1445   .8022108684  |
  271 |         1450   .8035586466  |
  272 |         1455   .8048985369  |
  273 |         1460   .8062305715  |
  274 |         1465   .8075547828  |
  275 |         1470   .8088712031  |
  276 |         1475   .8101798647  |
  277 |         1480   .8114808001  |
  278 |         1485   .8127740415  |
  279 |         1490   .8140596214  |
  280 |         1495   .8153375723  |
  281 |         1500   .8166079266  |
  282 |         1505   .8178707168  |
  283 |         1510   .8191259753  |
  284 |         1515   .8203737346  |
  285 |         1520   .8216140272  |
  286 |         1525   .8228468855  |
  287 |         1530   .8240723421  |
  288 |         1535   .8252904295  |
  289 |         1540   .8265011801  |
  290 |         1545   .8277046264  |
  291 |         1550   .8289008008  |
  292 |         1555   .8300897359  |
  293 |         1560   .8312714641  |
  294 |         1565   .8324460177  |
  295 |         1570   .8336134293  |
  296 |         1575   .8347737312  |
  297 |         1580   .8359269558  |
  298 |         1585   .8370731355  |
  299 |         1590   .8382123026  |
  300 |         1595   .8393444893  |
  301 |         1600   .8404697281  |
  302 |         1605   .8415880511  |
  303 |         1610   .8426994906  |
  304 |         1615   .8438040787  |
  305 |         1620   .8449018477  |
  306 |         1625   .8459928296  |
  307 |         1630   .8470770565  |
  308 |         1635   .8481545606  |
  309 |         1640   .8492253736  |
  310 |         1645   .8502895278  |
  311 |         1650   .8513470549  |
  312 |         1655   .8523979869  |
  313 |         1660   .8534423555  |
  314 |         1665   .8544801926  |
  315 |         1670   .8555115299  |
  316 |         1675   .8565363991  |
  317 |         1680   .8575548318  |
  318 |         1685   .8585668596  |
  319 |         1690   .8595725141  |
  320 |         1695   .8605718266  |
  321 |         1700   .8615648286  |
  322 |         1705   .8625515515  |
  323 |         1710   .8635320266  |
  324 |         1715    .864506285  |
  325 |         1720    .865474358  |
  326 |         1725   .8664362766  |
  327 |         1730    .867392072  |
  328 |         1735   .8683417751  |
  329 |         1740   .8692854167  |
  330 |         1745   .8702230279  |
  331 |         1750   .8711546392  |
  332 |         1755   .8720802815  |
  333 |         1760   .8729999854  |
  334 |         1765   .8739137814  |
  335 |         1770      .8748217  |
  336 |         1775   .8757237717  |
  337 |         1780   .8766200267  |
  338 |         1785   .8775104955  |
  339 |         1790    .878395208  |
  340 |         1795   .8792741946  |
  341 |         1800   .8801474852  |
  342 |         1805   .8810151097  |
  343 |         1810   .8818770981  |
  344 |         1815   .8827334801  |
  345 |         1820   .8835842855  |
  346 |         1825   .8844295439  |
  347 |         1830   .8852692848  |
  348 |         1835   .8861035377  |
  349 |         1840   .8869323321  |
  350 |         1845   .8877556971  |
  351 |         1850   .8885736621  |
  352 |         1855   .8893862561  |
  353 |         1860   .8901935081  |
  354 |         1865   .8909954472  |
  355 |         1870   .8917921022  |
  356 |         1875   .8925835019  |
  357 |         1880   .8933696749  |
  358 |         1885   .8941506499  |
  359 |         1890   .8949264553  |
  360 |         1895   .8956971196  |
  361 |         1900   .8964626711  |
  362 |         1905    .897223138  |
  363 |         1910   .8979785485  |
  364 |         1915   .8987289305  |
  365 |         1920   .8994743121  |
  366 |         1925   .9002147211  |
  367 |         1930   .9009501853  |
  368 |         1935   .9016807323  |
  369 |         1940   .9024063897  |
  370 |         1945    .903127185  |
  371 |         1950   .9038431455  |
  372 |         1955   .9045542986  |
  373 |         1960   .9052606713  |
  374 |         1965   .9059622909  |
  375 |         1970   .9066591842  |
  376 |         1975   .9073513783  |
  377 |         1980   .9080388997  |
  378 |         1985   .9087217754  |
  379 |         1990   .9094000318  |
  380 |         1995   .9100736955  |
  381 |         2000   .9107427928  |
  382 |         2005     .91140735  |
  383 |         2010   .9120673934  |
  384 |         2015    .912722949  |
  385 |         2020   .9133740428  |
  386 |         2025   .9140207007  |
  387 |         2030   .9146629486  |
  388 |         2035    .915300812  |
  389 |         2040   .9159343166  |
  390 |         2045   .9165634878  |
  391 |         2050   .9171883511  |
  392 |         2055   .9178089318  |
  393 |         2060   .9184252549  |
  394 |         2065   .9190373457  |
  395 |         2070    .919645229  |
  396 |         2075   .9202489297  |
  397 |         2080   .9208484726  |
  398 |         2085   .9214438824  |
  399 |         2090   .9220351837  |
  400 |         2095   .9226224008  |
  401 |         2100   .9232055582  |
  402 |         2105   .9237846801  |
  403 |         2110   .9243597907  |
  404 |         2115   .9249309139  |
  405 |         2120   .9254980738  |
  406 |         2125   .9260612942  |
  407 |         2130   .9266205988  |
  408 |         2135   .9271760113  |
  409 |         2140   .9277275552  |
  410 |         2145   .9282752539  |
  411 |         2150   .9288191307  |
  412 |         2155   .9293592089  |
  413 |         2160   .9298955115  |
  414 |         2165   .9304280617  |
  415 |         2170   .9309568822  |
  416 |         2175    .931481996  |
  417 |         2180   .9320034256  |
  418 |         2185   .9325211937  |
  419 |         2190   .9330353228  |
  420 |         2195   .9335458354  |
  421 |         2200   .9340527535  |
  422 |         2205   .9345560996  |
  423 |         2210   .9350558956  |
  424 |         2215   .9355521635  |
  425 |         2220   .9360449252  |
  426 |         2225   .9365342024  |
  427 |         2230   .9370200169  |
  428 |         2235   .9375023903  |
  429 |         2240   .9379813438  |
  430 |         2245   .9384568991  |
  431 |         2250   .9389290772  |
  432 |         2255   .9393978993  |
  433 |         2260   .9398633866  |
  434 |         2265     .94032556  |
  435 |         2270   .9407844402  |
  436 |         2275   .9412400481  |
  437 |         2280   .9416924044  |
  438 |         2285   .9421415295  |
  439 |         2290   .9425874439  |
  440 |         2295    .943030168  |
  441 |         2300    .943469722  |
  442 |         2305    .943906126  |
  443 |         2310   .9443394002  |
  444 |         2315   .9447695643  |
  445 |         2320   .9451966384  |
  446 |         2325   .9456206421  |
  447 |         2330    .946041595  |
  448 |         2335   .9464595168  |
  449 |         2340   .9468744268  |
  450 |         2345   .9472863444  |
  451 |         2350   .9476952889  |
  452 |         2355   .9481012794  |
  453 |         2360   .9485043349  |
  454 |         2365   .9489044744  |
  455 |         2370   .9493017168  |
  456 |         2375   .9496960808  |
  457 |         2380   .9500875851  |
  458 |         2385   .9504762482  |
  459 |         2390   .9508620886  |
  460 |         2395   .9512451247  |
  461 |         2400   .9516253747  |
  462 |         2405   .9520028568  |
  463 |         2410   .9523775891  |
  464 |         2415   .9527495896  |
  465 |         2420   .9531188762  |
  466 |         2425   .9534854665  |
  467 |         2430   .9538493785  |
  468 |         2435   .9542106295  |
  469 |         2440   .9545692373  |
  470 |         2445    .954925219  |
  471 |         2450   .9552785922  |
  472 |         2455    .955629374  |
  473 |         2460   .9559775815  |
  474 |         2465   .9563232318  |
  475 |         2470   .9566663418  |
  476 |         2475   .9570069284  |
  477 |         2480   .9573450084  |
  478 |         2485   .9576805983  |
  479 |         2490   .9580137148  |
  480 |         2495   .9583443744  |
  481 |         2500   .9586725935  |
  482 |         2505   .9589983883  |
  483 |         2510    .959321775  |
  484 |         2515   .9596427699  |
  485 |         2520   .9599613889  |
  486 |         2525    .960277648  |
  487 |         2530    .960591563  |
  488 |         2535   .9609031497  |
  489 |         2540   .9612124237  |
  490 |         2545   .9615194007  |
  491 |         2550   .9618240961  |
  492 |         2555   .9621265254  |
  493 |         2560   .9624267038  |
  494 |         2565   .9627246467  |
  495 |         2570   .9630203692  |
  496 |         2575   .9633138862  |
  497 |         2580   .9636052129  |
  498 |         2585    .963894364  |
  499 |         2590   .9641813545  |
  500 |         2595   .9644661989  |
  501 |         2600    .964748912  |
  502 |         2605   .9650295083  |
  503 |         2610   .9653080022  |
  504 |         2615   .9655844082  |
  505 |         2620   .9658587405  |
  506 |         2625   .9661310134  |
  507 |         2630   .9664012409  |
  508 |         2635   .9666694372  |
  509 |         2640   .9669356161  |
  510 |         2645   .9671997916  |
  511 |         2650   .9674619775  |
  512 |         2655   .9677221875  |
  513 |         2660   .9679804352  |
  514 |         2665   .9682367342  |
  515 |         2670    .968491098  |
  516 |         2675   .9687435399  |
  517 |         2680   .9689940733  |
  518 |         2685   .9692427114  |
  519 |         2690   .9694894674  |
  520 |         2695   .9697343543  |
  521 |         2700   .9699773852  |
  522 |         2705    .970218573  |
  523 |         2710   .9704579305  |
  524 |         2715   .9706954705  |
  525 |         2720   .9709312057  |
  526 |         2725   .9711651486  |
  527 |         2730   .9713973119  |
  528 |         2735    .971627708  |
  529 |         2740   .9718563493  |
  530 |         2745    .972083248  |
  531 |         2750   .9723084165  |
  532 |         2755   .9725318669  |
  533 |         2760   .9727536112  |
  534 |         2765   .9729736615  |
  535 |         2770   .9731920297  |
  536 |         2775   .9734087277  |
  537 |         2780   .9736237673  |
  538 |         2785   .9738371602  |
  539 |         2790    .974048918  |
  540 |         2795   .9742590523  |
  541 |         2800   .9744675746  |
  542 |         2805   .9746744964  |
  543 |         2810    .974879829  |
  544 |         2815   .9750835836  |
  545 |         2820   .9752857716  |
  546 |         2825    .975486404  |
  547 |         2830   .9756854919  |
  548 |         2835   .9758830464  |
  549 |         2840   .9760790784  |
  550 |         2845   .9762735987  |
  551 |         2850   .9764666182  |
  552 |         2855   .9766581475  |
  553 |         2860   .9768481975  |
  554 |         2865   .9770367785  |
  555 |         2870   .9772239013  |
  556 |         2875   .9774095762  |
  557 |         2880   .9775938136  |
  558 |         2885   .9777766239  |
  559 |         2890   .9779580174  |
  560 |         2895   .9781380042  |
  561 |         2900   .9783165945  |
  562 |         2905   .9784937984  |
  563 |         2910   .9786696258  |
  564 |         2915   .9788440867  |
  565 |         2920   .9790171909  |
  566 |         2925   .9791889484  |
  567 |         2930   .9793593688  |
  568 |         2935   .9795284619  |
  569 |         2940   .9796962372  |
  570 |         2945   .9798627043  |
  571 |         2950   .9800278728  |
  572 |         2955    .980191752  |
  573 |         2960   .9803543514  |
  574 |         2965   .9805156802  |
  575 |         2970   .9806757478  |
  576 |         2975   .9808345632  |
  577 |         2980   .9809921357  |
  578 |         2985   .9811484744  |
  579 |         2990   .9813035882  |
  580 |         2995    .981457486  |
  581 |         3000   .9816101769  |
  582 |         3005   .9817616697  |
  583 |         3010    .981911973  |
  584 |         3015   .9820610958  |
  585 |         3020   .9822090465  |
  586 |         3025   .9823558339  |
  587 |         3030   .9825014664  |
  588 |         3035   .9826459527  |
  589 |         3040    .982789301  |
  590 |         3045   .9829315199  |
  591 |         3050   .9830726176  |
  592 |         3055   .9832126024  |
  593 |         3060   .9833514826  |
  594 |         3065   .9834892662  |
  595 |         3070   .9836259615  |
  596 |         3075   .9837615764  |
  597 |         3080   .9838961189  |
  598 |         3085   .9840295971  |
  599 |         3090   .9841620187  |
  600 |         3095   .9842933917  |
  601 |         3100   .9844237239  |
  602 |         3105   .9845530229  |
  603 |         3110   .9846812964  |
  604 |         3115   .9848085521  |
  605 |         3120   .9849347976  |
  606 |         3125   .9850600404  |
  607 |         3130    .985184288  |
  608 |         3135   .9853075477  |
  609 |         3140   .9854298271  |
  610 |         3145   .9855511333  |
  611 |         3150   .9856714737  |
  612 |         3155   .9857908555  |
  613 |         3160    .985909286  |
  614 |         3165   .9860267721  |
  615 |         3170    .986143321  |
  616 |         3175   .9862589398  |
  617 |         3180   .9863736354  |
  618 |         3185   .9864874147  |
  619 |         3190   .9866002847  |
  620 |         3195   .9867122522  |
  621 |         3200    .986823324  |
  622 |         3205   .9869335067  |
  623 |         3210   .9870428073  |
  624 |         3215   .9871512322  |
  625 |         3220   .9872587881  |
  626 |         3225   .9873654816  |
  627 |         3230   .9874713191  |
  628 |         3235   .9875763072  |
  629 |         3240   .9876804523  |
  630 |         3245   .9877837608  |
  631 |         3250    .987886239  |
  632 |         3255   .9879878931  |
  633 |         3260   .9880887296  |
  634 |         3265   .9881887545  |
  635 |         3270    .988287974  |
  636 |         3275   .9883863943  |
  637 |         3280   .9884840215  |
  638 |         3285   .9885808615  |
  639 |         3290   .9886769203  |
  640 |         3295    .988772204  |
  641 |         3300   .9888667185  |
  642 |         3305   .9889604695  |
  643 |         3310    .989053463  |
  644 |         3315   .9891457047  |
  645 |         3320   .9892372003  |
  646 |         3325   .9893279556  |
  647 |         3330   .9894179763  |
  648 |         3335   .9895072679  |
  649 |         3340   .9895958361  |
  650 |         3345   .9896836864  |
  651 |         3350   .9897708243  |
  652 |         3355   .9898572553  |
  653 |         3360   .9899429848  |
  654 |         3365   .9900280182  |
  655 |         3370   .9901123609  |
  656 |         3375   .9901960181  |
  657 |         3380   .9902789952  |
  658 |         3385   .9903612973  |
  659 |         3390   .9904429298  |
  660 |         3395   .9905238977  |
  661 |         3400   .9906042062  |
  662 |         3405   .9906838604  |
  663 |         3410   .9907628653  |
  664 |         3415    .990841226  |
  665 |         3420   .9909189474  |
  666 |         3425   .9909960345  |
  667 |         3430   .9910724922  |
  668 |         3435   .9911483254  |
  669 |         3440   .9912235389  |
  670 |         3445   .9912981375  |
  671 |         3450    .991372126  |
  672 |         3455   .9914455092  |
  673 |         3460   .9915182917  |
  674 |         3465   .9915904783  |
  675 |         3470   .9916620734  |
  676 |         3475   .9917330819  |
  677 |         3480   .9918035081  |
  678 |         3485   .9918733568  |
  679 |         3490   .9919426322  |
  680 |         3495   .9920113391  |
  681 |         3500   .9920794817  |
  682 |         3505   .9921470644  |
  683 |         3510   .9922140918  |
  684 |         3515    .992280568  |
  685 |         3520   .9923464975  |
  686 |         3525   .9924118844  |
  687 |         3530   .9924767331  |
  688 |         3535   .9925410477  |
  689 |         3540   .9926048325  |
  690 |         3545   .9926680916  |
  691 |         3550   .9927308291  |
  692 |         3555   .9927930491  |
  693 |         3560   .9928547557  |
  694 |         3565    .992915953  |
  695 |         3570   .9929766449  |
  696 |         3575   .9930368353  |
  697 |         3580   .9930965284  |
  698 |         3585   .9931557278  |
  699 |         3590   .9932144377  |
  700 |         3595   .9932726618  |
  701 |         3600   .9933304039  |
  702 |         3605   .9933876679  |
  703 |         3610   .9934444576  |
  704 |         3615   .9935007766  |
  705 |         3620   .9935566287  |
  706 |         3625   .9936120176  |
  707 |         3630    .993666947  |
  708 |         3635   .9937214205  |
  709 |         3640   .9937754417  |
  710 |         3645   .9938290142  |
  711 |         3650   .9938821415  |
  712 |         3655   .9939348272  |
  713 |         3660   .9939870749  |
  714 |         3665   .9940388879  |
  715 |         3670   .9940902697  |
  716 |         3675   .9941412238  |
  717 |         3680   .9941917535  |
  718 |         3685   .9942418623  |
  719 |         3690   .9942915535  |
  720 |         3695   .9943408303  |
  721 |         3700   .9943896962  |
  722 |         3705   .9944381544  |
  723 |         3710   .9944862081  |
  724 |         3715   .9945338606  |
  725 |         3720   .9945811151  |
  726 |         3725   .9946279747  |
  727 |         3730   .9946744426  |
  728 |         3735    .994720522  |
  729 |         3740   .9947662159  |
  730 |         3745   .9948115274  |
  731 |         3750   .9948564597  |
  732 |         3755   .9949010157  |
  733 |         3760   .9949451984  |
  734 |         3765   .9949890109  |
  735 |         3770   .9950324561  |
  736 |         3775    .995075537  |
  737 |         3780   .9951182564  |
  738 |         3785   .9951606174  |
  739 |         3790   .9952026227  |
  740 |         3795   .9952442753  |
  741 |         3800   .9952855779  |
  742 |         3805   .9953265335  |
  743 |         3810   .9953671447  |
  744 |         3815   .9954074144  |
  745 |         3820   .9954473453  |
  746 |         3825   .9954869401  |
  747 |         3830   .9955262016  |
  748 |         3835   .9955651325  |
  749 |         3840   .9956037353  |
  750 |         3845   .9956420129  |
  751 |         3850   .9956799677  |
  752 |         3855   .9957176024  |
  753 |         3860   .9957549197  |
  754 |         3865    .995791922  |
  755 |         3870   .9958286119  |
  756 |         3875    .995864992  |
  757 |         3880   .9959010647  |
  758 |         3885   .9959368326  |
  759 |         3890   .9959722981  |
  760 |         3895   .9960074637  |
  761 |         3900   .9960423318  |
  762 |         3905   .9960769049  |
  763 |         3910   .9961111852  |
  764 |         3915   .9961451753  |
  765 |         3920   .9961788774  |
  766 |         3925    .996212294  |
  767 |         3930   .9962454272  |
  768 |         3935   .9962782796  |
  769 |         3940   .9963108532  |
  770 |         3945   .9963431505  |
  771 |         3950   .9963751736  |
  772 |         3955   .9964069248  |
  773 |         3960   .9964384063  |
  774 |         3965   .9964696204  |
  775 |         3970   .9965005691  |
  776 |         3975   .9965312547  |
  777 |         3980   .9965616794  |
  778 |         3985   .9965918451  |
  779 |         3990   .9966217542  |
  780 |         3995   .9966514086  |
  781 |         4000   .9966808105  |
  782 |         4005   .9967099619  |
  783 |         4010   .9967388649  |
  784 |         4015   .9967675215  |
  785 |         4020   .9967959338  |
  786 |         4025   .9968241037  |
  787 |         4030   .9968520332  |
  788 |         4035   .9968797244  |
  789 |         4040   .9969071791  |
  790 |         4045   .9969343993  |
  791 |         4050    .996961387  |
  792 |         4055    .996988144  |
  793 |         4060   .9970146722  |
  794 |         4065   .9970409736  |
  795 |         4070     .99706705  |
  796 |         4075   .9970929033  |
  797 |         4080   .9971185353  |
  798 |         4085   .9971439477  |
  799 |         4090   .9971691425  |
  800 |         4095   .9971941215  |
  801 |         4100   .9972188863  |
  802 |         4105   .9972434388  |
  803 |         4110   .9972677808  |
  804 |         4115   .9972919139  |
  805 |         4120     .99731584  |
  806 |         4125   .9973395606  |
  807 |         4130   .9973630776  |
  808 |         4135   .9973863926  |
  809 |         4140   .9974095072  |
  810 |         4145   .9974324232  |
  811 |         4150   .9974551422  |
  812 |         4155   .9974776657  |
  813 |         4160   .9974999956  |
  814 |         4165   .9975221332  |
  815 |         4170   .9975440803  |
  816 |         4175   .9975658384  |
  817 |         4180   .9975874092  |
  818 |         4185    .997608794  |
  819 |         4190   .9976299946  |
  820 |         4195   .9976510124  |
  821 |         4200   .9976718489  |
  822 |         4205   .9976925057  |
  823 |         4210   .9977129843  |
  824 |         4215   .9977332861  |
  825 |         4220   .9977534126  |
  826 |         4225   .9977733653  |
  827 |         4230   .9977931456  |
  828 |         4235    .997812755  |
  829 |         4240   .9978321949  |
  830 |         4245   .9978514667  |
  831 |         4250   .9978705718  |
  832 |         4255   .9978895115  |
  833 |         4260   .9979082874  |
  834 |         4265   .9979269008  |
  835 |         4270   .9979453529  |
  836 |         4275   .9979636452  |
  837 |         4280    .997981779  |
  838 |         4285   .9979997557  |
  839 |         4290   .9980175765  |
  840 |         4295   .9980352427  |
  841 |         4300   .9980527557  |
  842 |         4305   .9980701168  |
  843 |         4310   .9980873271  |
  844 |         4315    .998104388  |
  845 |         4320   .9981213008  |
  846 |         4325   .9981380666  |
  847 |         4330   .9981546867  |
  848 |         4335   .9981711624  |
  849 |         4340   .9981874948  |
  850 |         4345   .9982036852  |
  851 |         4350   .9982197347  |
  852 |         4355   .9982356445  |
  853 |         4360   .9982514159  |
  854 |         4365   .9982670499  |
  855 |         4370   .9982825478  |
  856 |         4375   .9982979106  |
  857 |         4380   .9983131396  |
  858 |         4385   .9983282358  |
  859 |         4390   .9983432004  |
  860 |         4395   .9983580345  |
  861 |         4400   .9983727391  |
  862 |         4405   .9983873154  |
  863 |         4410   .9984017645  |
  864 |         4415   .9984160874  |
  865 |         4420   .9984302853  |
  866 |         4425   .9984443591  |
  867 |         4430   .9984583098  |
  868 |         4435   .9984721387  |
  869 |         4440   .9984858466  |
  870 |         4445   .9984994347  |
  871 |         4450   .9985129038  |
  872 |         4455   .9985262551  |
  873 |         4460   .9985394896  |
  874 |         4465   .9985526081  |
  875 |         4470   .9985656118  |
  876 |         4475   .9985785015  |
  877 |         4480   .9985912783  |
  878 |         4485   .9986039431  |
  879 |         4490   .9986164969  |
  880 |         4495   .9986289405  |
  881 |         4500    .998641275  |
  882 |         4505   .9986535013  |
  883 |         4510   .9986656202  |
  884 |         4515   .9986776328  |
  885 |         4520   .9986895399  |
  886 |         4525   .9987013424  |
  887 |         4530   .9987130411  |
  888 |         4535   .9987246371  |
  889 |         4540   .9987361311  |
  890 |         4545    .998747524  |
  891 |         4550   .9987588168  |
  892 |         4555   .9987700101  |
  893 |         4560    .998781105  |
  894 |         4565   .9987921022  |
  895 |         4570   .9988030026  |
  896 |         4575    .998813807  |
  897 |         4580   .9988245161  |
  898 |         4585    .998835131  |
  899 |         4590   .9988456522  |
  900 |         4595   .9988560807  |
  901 |         4600   .9988664172  |
  902 |         4605   .9988766626  |
  903 |         4610   .9988868175  |
  904 |         4615   .9988968828  |
  905 |         4620   .9989068593  |
  906 |         4625   .9989167476  |
  907 |         4630   .9989265486  |
  908 |         4635   .9989362631  |
  909 |         4640   .9989458917  |
  910 |         4645   .9989554351  |
  911 |         4650   .9989648942  |
  912 |         4655   .9989742697  |
  913 |         4660   .9989835621  |
  914 |         4665   .9989927724  |
  915 |         4670   .9990019012  |
  916 |         4675   .9990109491  |
  917 |         4680   .9990199169  |
  918 |         4685   .9990288053  |
  919 |         4690    .999037615  |
  920 |         4695   .9990463465  |
  921 |         4700   .9990550007  |
  922 |         4705   .9990635781  |
  923 |         4710   .9990720795  |
  924 |         4715   .9990805054  |
  925 |         4720   .9990888566  |
  926 |         4725   .9990971337  |
  927 |         4730   .9991053373  |
  928 |         4735    .999113468  |
  929 |         4740   .9991215266  |
  930 |         4745   .9991295135  |
  931 |         4750   .9991374295  |
  932 |         4755   .9991452751  |
  933 |         4760   .9991530509  |
  934 |         4765   .9991607576  |
  935 |         4770   .9991683958  |
  936 |         4775    .999175966  |
  937 |         4780   .9991834688  |
  938 |         4785   .9991909048  |
  939 |         4790   .9991982746  |
  940 |         4795   .9992055788  |
  941 |         4800    .999212818  |
  942 |         4805   .9992199926  |
  943 |         4810   .9992271033  |
  944 |         4815   .9992341506  |
  945 |         4820    .999241135  |
  946 |         4825   .9992480572  |
  947 |         4830   .9992549176  |
  948 |         4835   .9992617168  |
  949 |         4840   .9992684553  |
  950 |         4845   .9992751336  |
  951 |         4850   .9992817523  |
  952 |         4855   .9992883119  |
  953 |         4860   .9992948129  |
  954 |         4865   .9993012558  |
  955 |         4870   .9993076412  |
  956 |         4875   .9993139694  |
  957 |         4880    .999320241  |
  958 |         4885   .9993264566  |
  959 |         4890   .9993326165  |
  960 |         4895   .9993387213  |
  961 |         4900   .9993447715  |
  962 |         4905   .9993507675  |
  963 |         4910   .9993567098  |
  964 |         4915   .9993625989  |
  965 |         4920   .9993684352  |
  966 |         4925   .9993742193  |
  967 |         4930   .9993799515  |
  968 |         4935   .9993856322  |
  969 |         4940   .9993912621  |
  970 |         4945   .9993968414  |
  971 |         4950   .9994023707  |
  972 |         4955   .9994078504  |
  973 |         4960   .9994132809  |
  974 |         4965   .9994186627  |
  975 |         4970   .9994239961  |
  976 |         4975   .9994292816  |
  977 |         4980   .9994345196  |
  978 |         4985   .9994397106  |
  979 |         4990   .9994448549  |
  980 |         4995   .9994499529  |
  981 |         5000   .9994550051  |
      +-----------------------------+

. ********************************************************************************
. 
end of do-file

. exit, clear
